SRCS =	../../components/cmpappembedded/cmpappembedded.c \
		../../components/cmpappembedded/cmpappembeddedsrv.c \
		../../components/cmpbintagutil/cmpbintagutil.c \
		../../components/cmpblkdrvcom/cmpblkdrvcom.c \
		../../components/cmpblkdrvudp/cmpblkdrvudp.c \
		../../components/cmpchannelmgrembedded/cmpchannelmgrembedded.c \
		../../components/cmpchannelmgrembedded/cmpchannelmgrembeddedchecksum.c \
		../../components/cmpchannelserverembedded/cmpchannelserverembedded.c \
		../../components/cmpchecksum/cmpchecksum.c \
		../../components/cmpchecksum/cmpchecksumcrc16.c \
		../../components/cmpchecksum/cmpchecksumcrc32.c \
		../../components/cmpcommunicationlib/cmpcommunicationlib.c \
		../../components/cmpdevice/cmpdevice.c \
		../../components/cmpdevice/cmpdevicesrv.c \
		../../components/cmpeventmgr/cmpeventmgr.c \
		../../components/cmpiectask/cmpiectask.c \
		../../components/cmpiomgrembedded/cmpiomgrembedded.c \
		../../components/cmplogembedded/cmplogembedded.c \
		../../components/cmplogembedded/cmplogembeddedsrv.c \
		../../components/cmpmempool/cmpmempool.c \
		../../components/cmpmonitor/cmpmonitor.c \
		../../components/cmpnameserviceserver/cmpnameserviceserver.c \
		../../components/cmprouterembedded/cmprouterembedded.c \
		../../components/cmprouterembedded/cmprouterembeddedaddrsrvc.c \
		../../components/cmpscheduletimer/cmpscheduletimer.c \
		../../components/cmpsettingsembedded/cmpsettingsembedded.c \
		../../components/cmpsettingsembedded/cmpsettingsembeddedsrv.c \
		../../components/cmpsrv/cmpsrv.c \
		../../components/componentmanager/cm.c \
		../../components/componentmanager/cmbasicchecks.c \
		../../components/componentmanager/cmutils.c \
		../../components/syscom/syscom.c \
		../../components/syscpuhandling/syscpuhandling.c \
		../../components/sysexcept/sysexcept.c \
		../../components/sysfileflash/sysfileflash.c \
		../../components/sysflash/sysflash.c \
		../../components/sysint/sysint.c \
		../../components/sysinternallib/sysinternallibdefault.c \
		../../components/sysmem/sysmem.c \
		../../components/sysout/sysout.c \
		../../components/syssocket/syssocket.c \
		../../components/systarget/systarget.c \
		../../components/systime/systime.c \
		../../components/systimer/systimer.c \
		../../platforms/windows/mainwin32.c \
		../../platforms/windows/sys/syscomwin32.c \
		../../platforms/windows/sys/syscpuhandlingwin32.c \
		../../platforms/windows/sys/sysexceptwin32.c \
		../../platforms/windows/sys/sysflashwin32.c \
		../../platforms/windows/sys/sysintwin32.c \
		../../platforms/windows/sys/sysmemwin32.c \
		../../platforms/windows/sys/sysoutwin32.c \
		../../platforms/windows/sys/syssocketwin32.c \
		../../platforms/windows/sys/systargetwin32.c \
		../../platforms/windows/sys/systimerwin32.c \
		../../platforms/windows/sys/systimewin32.c
